// Jest Snapshot v1, https://goo.gl/fbAQLP

exports[`Should render Expense List with expenses 1`] = `
<div>
  <h1>
    Expense List
  </h1>
  <ExpenseListItem
    amount={300}
    createdAt={0}
    description="Gum"
    id="1"
    key="1"
    note=""
  />
  <ExpenseListItem
    amount={109500}
    createdAt={-345600000}
    description="Rent"
    id="2"
    key="2"
    note=""
  />
  <ExpenseListItem
    amount={4500}
    createdAt={345600000}
    description="Credit Card"
    id="3"
    key="3"
    note=""
  />
</div>
`;

exports[`Should render ExpensesList with empty message 1`] = `
<div>
  <h1>
    Expense List
  </h1>
  <p>
     No Expenses 
  </p>
</div>
`;
