// Jest Snapshot v1, https://goo.gl/fbAQLP

exports[`Should render header correctly 1`] = `
<header>
  <h1>
    Expensify App
  </h1>
  <NavLink
    activeClassName="is-active"
    aria-current="page"
    exact={true}
    to="/dashboard"
  >
    Dashboard
  </NavLink>
  <NavLink
    activeClassName="is-active"
    aria-current="page"
    to="/create"
  >
    Add Expense
  </NavLink>
  <NavLink
    activeClassName="is-active"
    aria-current="page"
    to="/help"
  >
    Help Page
  </NavLink>
  <button
    onClick={[Function]}
  >
    Logout
  </button>
</header>
`;
